[  1%] Building CXX object CMakeFiles/test-tprtree-TPRTreeQuery.dir/tprtree/TPRTreeQuery.o
[  3%] Building CXX object CMakeFiles/test-tprtree-TPRTreeQuery.dir/tprtree/RandomGenerator.o
[  5%] Linking CXX executable test-tprtree-TPRTreeQuery
[  5%] Built target test-tprtree-TPRTreeQuery
[  7%] Building CXX object CMakeFiles/test-tprtree-Generator.dir/tprtree/Generator.o
[  9%] Building CXX object CMakeFiles/test-tprtree-Generator.dir/tprtree/RandomGenerator.o
[ 11%] Linking CXX executable test-tprtree-Generator
[ 11%] Built target test-tprtree-Generator
[ 13%] Building CXX object CMakeFiles/test-tprtree-TPRTreeLoad.dir/tprtree/TPRTreeLoad.o
[ 15%] Building CXX object CMakeFiles/test-tprtree-TPRTreeLoad.dir/tprtree/RandomGenerator.o
[ 17%] Linking CXX executable test-tprtree-TPRTreeLoad
[ 17%] Built target test-tprtree-TPRTreeLoad
[ 19%] Building CXX object CMakeFiles/test-tools-TemporaryFile.dir/tools/TemporaryFile.o
[ 21%] Linking CXX executable test-tools-TemporaryFile
[ 21%] Built target test-tools-TemporaryFile
[ 23%] Building CXX object CMakeFiles/test-tprtree-Exhaustive.dir/tprtree/Exhaustive.o
[ 25%] Building CXX object CMakeFiles/test-tprtree-Exhaustive.dir/tprtree/RandomGenerator.o
[ 26%] Linking CXX executable test-tprtree-Exhaustive
[ 26%] Built target test-tprtree-Exhaustive
[ 28%] Building CXX object CMakeFiles/test-mvrtree-Generator.dir/mvrtree/Generator.o
[ 30%] Linking CXX executable test-mvrtree-Generator
[ 30%] Built target test-mvrtree-Generator
[ 32%] Building CXX object CMakeFiles/test-rtree-Exhaustive.dir/rtree/Exhaustive.o
[ 34%] Linking CXX executable test-rtree-Exhaustive
[ 34%] Built target test-rtree-Exhaustive
[ 36%] Building CXX object CMakeFiles/test-kdtree-Exhaustive.dir/kdtree/Exhaustive.o
[ 38%] Linking CXX executable test-kdtree-Exhaustive
[ 38%] Built target test-kdtree-Exhaustive
[ 40%] Building CXX object CMakeFiles/test-rtree-SFCRTreeBulkLoad.dir/rtree/SFCRTreeBulkLoad.o
[ 42%] Linking CXX executable test-rtree-SFCRTreeBulkLoad
[ 42%] Built target test-rtree-SFCRTreeBulkLoad
[ 44%] Building CXX object CMakeFiles/test-rtree-RTreeLoad.dir/rtree/RTreeLoad.o
[ 46%] Linking CXX executable test-rtree-RTreeLoad
[ 46%] Built target test-rtree-RTreeLoad
[ 48%] Building CXX object CMakeFiles/test-mvrtree-MVRTreeQuery.dir/mvrtree/MVRTreeQuery.o
[ 50%] Linking CXX executable test-mvrtree-MVRTreeQuery
[ 50%] Built target test-mvrtree-MVRTreeQuery
[ 51%] Building CXX object CMakeFiles/test-rtree-RTreeQuery.dir/rtree/RTreeQuery.o
[ 53%] Linking CXX executable test-rtree-RTreeQuery
[ 53%] Built target test-rtree-RTreeQuery
[ 55%] Building CXX object CMakeFiles/test-mvrtree-MVRTreeLoad.dir/mvrtree/MVRTreeLoad.o
[ 57%] Linking CXX executable test-mvrtree-MVRTreeLoad
[ 57%] Built target test-mvrtree-MVRTreeLoad
[ 59%] Building CXX object CMakeFiles/test-mvrtree-Exhaustive.dir/mvrtree/Exhaustive.o
[ 61%] Linking CXX executable test-mvrtree-Exhaustive
[ 61%] Built target test-mvrtree-Exhaustive
[ 63%] Building CXX object CMakeFiles/test-geometry-Intersection.dir/geometry/Intersection.o
[ 65%] Linking CXX executable test-geometry-Intersection
[ 65%] Built target test-geometry-Intersection
[ 67%] Building CXX object CMakeFiles/test-kdtree-Generator.dir/kdtree/Generator.o
[ 69%] Linking CXX executable test-kdtree-Generator
[ 69%] Built target test-kdtree-Generator
[ 71%] Building CXX object CMakeFiles/test-rtree-Generator.dir/rtree/Generator.o
[ 73%] Linking CXX executable test-rtree-Generator
[ 73%] Built target test-rtree-Generator
[ 75%] Building CXX object CMakeFiles/test-rtree-RTreeBulkLoad.dir/rtree/RTreeBulkLoad.o
[ 76%] Linking CXX executable test-rtree-RTreeBulkLoad
[ 76%] Built target test-rtree-RTreeBulkLoad
[ 78%] Building CXX object CMakeFiles/test-kdtree-KDTreeQuery.dir/kdtree/KDTreeQuery.o
[ 80%] Linking CXX executable test-kdtree-KDTreeQuery
[ 80%] Built target test-kdtree-KDTreeQuery
[ 82%] Building CXX object CMakeFiles/test-kdtree-KDTreeBulkLoad.dir/kdtree/KDTreeBulkLoad.o
[ 84%] Linking CXX executable test-kdtree-KDTreeBulkLoad
[ 84%] Built target test-kdtree-KDTreeBulkLoad
[ 86%] Building CXX object CMakeFiles/test-kdtree-KDTreeLoad.dir/kdtree/KDTreeLoad.o
[ 88%] Linking CXX executable test-kdtree-KDTreeLoad
[ 88%] Built target test-kdtree-KDTreeLoad
[ 90%] Building CXX object gtest/gtest-1.10.0/CMakeFiles/gtest.dir/src/gtest-all.cc.o
[ 92%] Linking CXX static library ../../lib/libgtestd.a
[ 92%] Built target gtest
[ 94%] Building CXX object gtest/CMakeFiles/libsidxtest.dir/main.o
[ 96%] Linking CXX executable libsidxtest
[ 96%] Built target libsidxtest
[ 98%] Building CXX object gtest/gtest-1.10.0/CMakeFiles/gtest_main.dir/src/gtest_main.cc.o
[100%] Linking CXX static library ../../lib/libgtest_maind.a
[100%] Built target gtest_main
